[localhost_10016/index.html]
[external.html]
[backblue.gif]
[fade.gif]
[index.html]
[localhost_10016/firebase-auth-compat.html]
[localhost_10016/ln.href, location.html]
[localhost_10016/feed/index.html]
[localhost_10016/comments/feed/index.html]
[localhost_10016/index.html]
[localhost_10016/wp-json/index.html]
[localhost_10016/xmlrpc0db0.php]
[localhost_10016/wp-json/wp/v2/pages/772.json]
[localhost_10016/wp-json/oembed/1.0/embededb5.json]
[localhost_10016/wp-json/oembed/1.0/embeda2f7]
[localhost_10016/about/index.html]
[localhost_10016/wp-content/uploads/2021/06/video-7.jpg]
[localhost_10016/blog/index.html]
[localhost_10016/wp-content/uploads/2021/06/video-3.jpg]
[localhost_10016/wp-content/uploads/2021/06/video-2.jpg]
[localhost_10016/contact-us/index.html]
[localhost_10016/wp-content/uploads/2021/06/video-5.jpg]
[localhost_10016/wp-content/uploads/2021/06/video-4.jpg]
[localhost_10016/wp-content/uploads/2021/06/video-6.jpg]
[localhost_10016/wp-content/uploads/2021/06/video-1.jpg]
[localhost_10016/one-hundred-years-of-solitude/index.html]
[localhost_10016/category/stories/index.html]
[localhost_10016/category/uncategorized/index.html]
[localhost_10016/the-last-life/index.html]
[localhost_10016/wp-content/uploads/2021/06/blog-img-6-768x637.jpg]
[localhost_10016/quisque-iddiam-velquam-elementum-pulvinar/index.html]
[localhost_10016/category/commercial/index.html]
[gmpg.org/xfn/11.html]
[localhost_10016/wp-content/uploads/blocksy/css/global2ade.css]
[localhost_10016/wp-content/plugins/stackable-ultimate-gutenberg-blocks/dist/frontend_blocksa2f8.css]
[localhost_10016/wp-content/uploads/2021/06/footer-bg.png]
[localhost_10016/wp-includes/css/dist/block-library/style.min32d4.css]
[localhost_10016/wp-content/themes/blocksy/style32d4.css]
[localhost_10016/wp-content/themes/blocksy/static/bundle/main.min202b.css]
[localhost_10016/wp-content/themes/blocksy/static/fonts/stars.woff2]
[localhost_10016/wp-content/themes/blocksy/static/bundle/stackable.min202b.css]
[localhost_10016/wp-content/themes/blocksy/static/bundle/no-scripts.min.css]
[localhost_10016/wp-content/uploads/2021/06/logo_light.svg]
[localhost_10016/about/firebase-auth-compat.js]
[localhost_10016/about/ln.href, location.html]
[localhost_10016/about/index.html]
[localhost_10016/wp-json/wp/v2/pages/768.json]
[localhost_10016/blog/index.html]
[localhost_10016/wp-json/oembed/1.0/embed33f7.json]
[localhost_10016/wp-json/oembed/1.0/embed04d7]
[localhost_10016/wp-content/uploads/2021/06/bg.png]
[localhost_10016/contact-us/index.html]
[localhost_10016/wp-content/uploads/2021/06/about-image.png]
[localhost_10016/wp-content/uploads/2021/06/testimonial_avatar@2x.png]
[localhost_10016/wp-content/uploads/2021/06/team-member-1@2x.jpg]
[localhost_10016/one-hundred-years-of-solitude/ln.href, location.origin]
[localhost_10016/wp-content/uploads/2021/06/team-member-2@2x.jpg]
[localhost_10016/wp-content/uploads/2021/06/team-member-4@2x.jpg]
[localhost_10016/wp-content/uploads/2021/06/person-cta@2x.png]
[localhost_10016/pellentesque-eliteget-gravida-cum-ornare/index.html]
[localhost_10016/wp-content/uploads/2021/06/blog-img-5-768x637.jpg]
[localhost_10016/one-hundred-years-of-solitude/index.html]
[localhost_10016/category/stories/index.html]
[localhost_10016/category/uncategorized/index.html]
[localhost_10016/wp-content/uploads/2021/06/blog-img-4-768x637.jpg]
[localhost_10016/category/video/index.html]
[localhost_10016/quam-vulputate-dignissim-suspendisse-intellus/index.html]
[localhost_10016/category/vfx/index.html]
[localhost_10016/the-last-life/ln.href, location.1b.delayed]
[localhost_10016/wp-content/uploads/2021/06/blog-img-2@2x-768x637.jpg]
[localhost_10016/wp-content/uploads/2021/06/blog-img-1@2x-768x637.jpg]
[localhost_10016/vestibulum-commodo-sapien-non-elit-vitae/index.html]
[localhost_10016/the-last-life/index.html]
[localhost_10016/wp-content/uploads/2021/06/blog-img-3@2x-768x637.jpg]
[localhost_10016/proin-ex-ipsum-facilisis-tincidunt-vulputate/index.html]
[localhost_10016/contact-us/ln.href, location.html]
[localhost_10016/duis-mauris-augue-efficitur-posuere-dignissim-neque/index.html]
[localhost_10016/contact-us/firebase-auth-compat.html]
[localhost_10016/quisque-iddiam-velquam-elementum-pulvinar/index.html]
[localhost_10016/wp-json/wp/v2/pages/765.json]
[localhost_10016/wp-json/oembed/1.0/embed42e5.json]
[localhost_10016/wp-json/oembed/1.0/embed0366]
[localhost_10016/category/commercial/index.html]
[localhost_10016/one-hundred-years-of-solitude/firebase-auth-compat.html]
[localhost_10016/one-hundred-years-of-solitude/feed/index.html]
[localhost_10016/contact/index.html]
[localhost_10016/wp-content/themes/blocksy/static/bundle/main202b.js]
[localhost_10016/wp-content/plugins/stackable-ultimate-gutenberg-blocks/dist/frontend_block_video_popupa2f8.js]
[localhost_10016/wp-json/wp/v2/posts/919.json]
[gmpg.org/xfn/default.css]
[gmpg.org/xfn/.html]
[localhost_10016/wp-json/oembed/1.0/embed7e8f.json]
[localhost_10016/wp-json/oembed/1.0/embed0f86]
[gmpg.org/xfn/intro.html]
[localhost_10016/author/fluke/index.html]
[gmpg.org/xfn/faq.html]
[localhost_10016/wp-content/uploads/2021/06/blog-img-1@2x-150x150.jpg]
[localhost_10016/wp-content/uploads/2021/06/blog-img-2@2x-150x150.jpg]
[localhost_10016/wp-content/themes/blocksy/static/bundle/page-title.min202b.css]
[localhost_10016/wp-content/uploads/2021/06/video-7-150x150.jpg]
[localhost_10016/wp-content/uploads/2021/06/blog-img-3@2x-150x150.jpg]
[localhost_10016/indexb916.html]
[localhost_10016/wp-content/uploads/2021/06/video-6-150x150.jpg]
[localhost_10016/wp-content/uploads/2021/06/video-5-150x150.jpg]
[secure.gravatar.com/avatar/33e54dec0cd79fc4b5e911c15f836c46ec8d0e452ecd3ca5f707bce0a3540a3b326e.jpg]
[localhost_10016/pellentesque-eliteget-gravida-cum-ornare/firebase-auth-compat.js]
[localhost_10016/wp-content/uploads/2021/06/blog-img-4-150x150.jpg]
[localhost_10016/pellentesque-eliteget-gravida-cum-ornare/index.html]
[localhost_10016/category/video/index.html]
[localhost_10016/wp-content/uploads/2021/06/blog-img-5-150x150.jpg]
[localhost_10016/wp-login.html]
[localhost_10016/category/stories/feed/index.html]
[localhost_10016/wp-json/wp/v2/categories/9.json]
[localhost_10016/category/uncategorized/feed/index.html]
[localhost_10016/quam-vulputate-dignissim-suspendisse-intellus/ln.href, location.origin]
[localhost_10016/the-last-life/firebase-auth-compat.html]
[localhost_10016/wp-json/wp/v2/categories/1.json]
[localhost_10016/the-last-life/feed/index.html]
[localhost_10016/wp-json/wp/v2/posts/812.json]
[localhost_10016/quam-vulputate-dignissim-suspendisse-intellus/index.html]
[localhost_10016/category/vfx/index.html]
[localhost_10016/wp-json/oembed/1.0/embed11c8]
[localhost_10016/wp-json/oembed/1.0/embed8fc3.json]
[localhost_10016/vestibulum-commodo-sapien-non-elit-vitae/index.html]
[localhost_10016/proin-ex-ipsum-facilisis-tincidunt-vulputate/index.html]
[localhost_10016/quisque-iddiam-velquam-elementum-pulvinar/ln.href, location.html]
[localhost_10016/quisque-iddiam-velquam-elementum-pulvinar/firebase-auth-compat.html]
[localhost_10016/quisque-iddiam-velquam-elementum-pulvinar/feed/index.html]
[localhost_10016/wp-json/wp/v2/posts/763.json]
[localhost_10016/duis-mauris-augue-efficitur-posuere-dignissim-neque/index.html]
[localhost_10016/wp-content/uploads/2021/06/blog-img-6.jpg]
[localhost_10016/index6215.html]
[localhost_10016/wp-json/oembed/1.0/embed780e]
[localhost_10016/wp-json/oembed/1.0/embedd140.json]
[localhost_10016/category/commercial/feed/index.html]
[localhost_10016/wp-json/wp/v2/categories/2.json]
[localhost_10016/wp-content/themes/blocksy/static/bundle/sidebar.min202b.css]
[localhost_10016/pellentesque-eliteget-gravida-cum-ornare/ln.href, location.html]
[localhost_10016/wp-json/wp/v2/posts/760.json]
[localhost_10016/pellentesque-eliteget-gravida-cum-ornare/feed/index.html]
[localhost_10016/index6f5e.html]
[localhost_10016/author/fluke/index.html]
[localhost_10016/wp-content/uploads/2021/06/blog-img-5.jpg]
[localhost_10016/wp-json/oembed/1.0/embede728.json]
[localhost_10016/wp-json/oembed/1.0/embed0909]
[localhost_10016/category/video/feed/index.html]
[localhost_10016/wp-login.html]
[localhost_10016/wp-json/wp/v2/categories/4.json]
[localhost_10016/quam-vulputate-dignissim-suspendisse-intellus/firebase-auth-compat.html]
[localhost_10016/quam-vulputate-dignissim-suspendisse-intellus/feed/index.html]
[localhost_10016/index4e02.html]
[localhost_10016/wp-json/wp/v2/posts/757.json]
[localhost_10016/wp-includes/js/comment-reply.min32d4.js]
[localhost_10016/wp-json/oembed/1.0/embed4930]
[localhost_10016/wp-content/uploads/2021/06/blog-img-4.jpg]
[localhost_10016/wp-json/oembed/1.0/embedb6e5.json]
[localhost_10016/indexa2f3.html]
[localhost_10016/wp-json/wp/v2/categories/3.json]
[localhost_10016/category/vfx/feed/index.html]
[localhost_10016/vestibulum-commodo-sapien-non-elit-vitae/ln.href, location.html]
[localhost_10016/vestibulum-commodo-sapien-non-elit-vitae/firebase-auth-compat.html]
[localhost_10016/index1c40.html]
[localhost_10016/vestibulum-commodo-sapien-non-elit-vitae/feed/index.html]
[localhost_10016/wp-json/wp/v2/posts/218.json]
[localhost_10016/wp-json/oembed/1.0/embed5879.json]
[localhost_10016/wp-content/uploads/2021/06/blog-img-1@2x.jpg]
[localhost_10016/wp-json/oembed/1.0/embed8bf9]
[localhost_10016/index3d1a.html]
[localhost_10016/proin-ex-ipsum-facilisis-tincidunt-vulputate/ln.href, location.html]
[localhost_10016/index5034.html]
[localhost_10016/proin-ex-ipsum-facilisis-tincidunt-vulputate/feed/index.html]
[localhost_10016/wp-json/wp/v2/posts/215.json]
[localhost_10016/proin-ex-ipsum-facilisis-tincidunt-vulputate/firebase-auth-compat.html]
[localhost_10016/wp-content/uploads/2021/06/blog-img-2@2x.jpg]
[localhost_10016/indexd7c9.html]
[localhost_10016/wp-json/oembed/1.0/embedb80d]
[localhost_10016/wp-json/oembed/1.0/embed3c2c.json]
[localhost_10016/duis-mauris-augue-efficitur-posuere-dignissim-neque/ln.href, location.html]
[localhost_10016/duis-mauris-augue-efficitur-posuere-dignissim-neque/firebase-auth-compat.html]
[localhost_10016/duis-mauris-augue-efficitur-posuere-dignissim-neque/feed/index.html]
[localhost_10016/wp-json/wp/v2/posts/1.json]
[localhost_10016/wp-json/oembed/1.0/embeda69c.json]
[localhost_10016/wp-json/oembed/1.0/embed664f]
[localhost_10016/wp-content/uploads/2021/06/blog-img-3@2x.jpg]
[localhost_10016/indexcff1.html]
[localhost_10016/author/fluke/feed/index.html]
[localhost_10016/wp-json/wp/v2/users/1.json]
[localhost_10016/wp-admin/load-scriptscece.php]
[localhost_10016/wp-loginc2b6.html]
[secure.gravatar.com/avatar/33e54dec0cd79fc4b5e911c15f836c46ec8d0e452ecd3ca5f707bce0a3540a3bc773.jpg]
[localhost_10016/wp-admin/load-stylesf78b.css]
[localhost_10016/wp-loginc2b6.html]
[localhost_10016/wp-includes/js/dist/i18n.minc33c.js]
[localhost_10016/wp-includes/fonts/dashicons7d4b.ttf]
[localhost_10016/wp-includes/fonts/dashicons7d4b.eot]
[localhost_10016/wp-admin/images/loading.gif]
[localhost_10016/wp-admin/images/w-logo-blue7a53.png]
[localhost_10016/wp-admin/js/password-strength-meter.min32d4.js]
[localhost_10016/wp-includes/js/underscore.min3ab8.js]
[localhost_10016/wp-includes/js/wp-util.min32d4.js]
[localhost_10016/wp-includes/js/dist/dom-ready.min5346.js]
[localhost_10016/wp-includes/js/dist/a11y.min3f73.js]
[localhost_10016/wp-admin/js/user-profile.min32d4.js]
[localhost_10016/wp-admin/images/wordpress-logo7d6b.svg]
